// Jest Snapshot v1, https://goo.gl/fbAQLP

exports[`should render correctly 1`] = `
<div
  className="sc-hKwDye bUKynq"
  data-testid="header"
>
  <span
    className="mega-octicon octicon-mark-github"
  />
  <div
    className="sc-bdvvtL jcZpGJ"
  >
    <div
      className="sc-gsDKAQ ldqIrX"
    >
      <span
        className="octicon octicon-search"
      />
      <input
        className="sc-dkPtRN lpkptG"
        data-testid="search-input"
        onChange={[Function]}
        placeholder="Search Gists for the username"
      />
    </div>
  </div>
  <span
    className="mega-octicon octicon-home"
    data-testid="home-icon"
  />
</div>
`;
